2024-04-01T16:18:51Z Critical Cell 42 Diagnostic FAIL The system detected an overheating issue in the power supply unit.
2024-04-01T16:19:12Z Warning Cell 17 Diagnostic OK Communication link established with external server.
2024-04-01T16:20:05Z Info Cell 8 Diagnostic OK Battery voltage within acceptable range.
2024-04-01T16:21:30Z Error Cell 3 Diagnostic FAIL Sensor malfunction detected in environmental control module.
2024-04-01T16:22:18Z Critical Cell 31 Diagnostic FAIL Critical memory corruption detected.
2024-04-01T16:23:05Z Warning Cell 12 Diagnostic OK Network connection restored after brief outage.
2024-04-01T16:24:40Z Info Cell 5 Diagnostic OK Disk space utilization below threshold.
2024-04-01T16:25:22Z Error Cell 27 Diagnostic FAIL Hardware checksum mismatch in data storage module.
2024-04-01T16:26:17Z Critical Cell 19 Diagnostic FAIL Critical process halted due to memory leak.
2024-04-01T16:27:03Z Warning Cell 9 Diagnostic OK Backup power supply engaged during power outage.
2024-04-01T16:28:49Z Info Cell 14 Diagnostic OK Temperature sensor calibration completed successfully.
2024-04-01T16:29:37Z Error Cell 36 Diagnostic FAIL Disk read error encountered during data retrieval.
2024-04-01T16:30:25Z Critical Cell 22 Diagnostic FAIL Critical security patch not applied.
2024-04-01T16:31:14Z Warning Cell 7 Diagnostic OK Network latency within acceptable limits.
2024-04-01T16:32:02Z Info Cell 48 Diagnostic OK Backup generator test successful.
2024-04-01T16:33:19Z Error Cell 11 Diagnostic FAIL Disk space allocation exceeded.
2024-04-01T16:34:08Z Critical Cell 33 Diagnostic FAIL Critical system clock drift detected.
2024-04-01T16:35:01Z Warning Cell 16 Diagnostic OK External sensor recalibrated.
2024-04-01T16:35:56Z Info Cell 4 Diagnostic OK Firmware update applied successfully.
2024-04-01T16:36:42Z Error Cell 29 Diagnostic FAIL Communication error with peripheral device.
2024-04-01T16:37:30Z Critical Cell 20 Diagnostic FAIL Critical database corruption detected.
2024-04-01T16:38:18Z Warning Cell 10 Diagnostic OK Load balancer adjusted for increased traffic.
2024-04-01T16:39:06Z Info Cell 15 Diagnostic OK Service restart completed.
2024-04-01T16:39:54Z Error Cell 37 Diagnostic FAIL Disk write error during log rotation.
2024-04-01T16:40:42Z Critical Cell 23 Diagnostic FAIL Critical hardware failure in RAID controller.
2024-04-01T16:41:30Z Warning Cell 6 Diagnostic OK Backup tape rotation initiated.
2024-04-01T16:42:18Z Info Cell 49 Diagnostic OK System clock synchronized with NTP server.
2024-04-01T16:43:06Z Error Cell 13 Diagnostic FAIL Memory allocation error in application module.
2024-04-01T16:43:54Z Critical Cell 34 Diagnostic FAIL Critical security breach detected.
2024-04-01T16:43:55Z Critical Cell 13 Diagnostic FAIL Critical security breach detected.
